// Jest Snapshot v1, https://goo.gl/fbAQLP

exports[`tests if App renders correctly 1`] = `
<div
  className="App"
>
  <div
    className="bilderlings-homework-curr-calc display-flex"
  >
    <a
      href="/fees"
      onClick={[Function]}
    >
      Fee Editor
    </a>
    <div
      className="display-flex"
    >
      <div
        className="bilderlings-homework-amount-input width70-br5-mr-30"
      >
        <div
          className="bp3-input-group"
        >
          <input
            autoComplete="off"
            className="bp3-input"
            onBlur={[Function]}
            onChange={[Function]}
            onFocus={[Function]}
            onKeyDown={[Function]}
            onKeyPress={[Function]}
            onPaste={[Function]}
            style={
              Object {
                "paddingRight": 10,
              }
            }
            type="text"
            value="0"
          />
        </div>
      </div>
      <div
        className="bilderlings-homework-add-fee-form-selects display-flex"
      >
        <div
          className="bp3-select"
        >
          <select
            id="from"
            onChange={[Function]}
          />
        </div>
        <div
          className="bp3-select"
        >
          <select
            id="to"
            onChange={[Function]}
          />
        </div>
      </div>
    </div>
    <div
      className="bilderlings-homework-converted-amount"
    >
      <h1>
        0.00
      </h1>
    </div>
  </div>
</div>
`;
