// Jest Snapshot v1, https://goo.gl/fbAQLP

exports[`tests if AddFeeForm renders correctly 1`] = `
<div
  className="bilderlings-homework-add-fee-form display-flex"
>
  <div
    className="bilderlings-homework-add-fee-form-selects display-flex"
  >
    <div
      className="bp3-select"
    >
      <select
        defaultValue="EUR"
        id="from"
        onChange={[Function]}
      >
        <option>
          EUR
        </option>
      </select>
    </div>
    <div
      className="bp3-select"
    >
      <select
        defaultValue="USD"
        id="to"
        onChange={[Function]}
      >
        <option>
          USD
        </option>
        <option>
          RUB
        </option>
      </select>
    </div>
  </div>
  <div
    className="bilderlings-homework-amount-input width70-br5-mr-30 ml-30"
  >
    <div
      className="bp3-input-group"
    >
      <input
        autoComplete="off"
        className="bp3-input"
        name="createFeeInput"
        onBlur={[Function]}
        onChange={[Function]}
        onFocus={[Function]}
        onKeyDown={[Function]}
        onKeyPress={[Function]}
        onPaste={[Function]}
        style={
          Object {
            "paddingRight": 10,
          }
        }
        type="text"
        value="0"
      />
    </div>
  </div>
  <button
    className="bp3-button bp3-intent-primary"
    onClick={[Function]}
    onKeyDown={[Function]}
    onKeyUp={[Function]}
    type="button"
  >
    <span
      className="bp3-button-text"
    >
      Add
    </span>
  </button>
</div>
`;
