// Jest Snapshot v1, https://goo.gl/fbAQLP

exports[`tests if AddFeeForm renders correctly 1`] = `
<div
  className="bilderlings-homework-add-fee-form display-flex"
>
  <div
    className="bilderlings-homework-add-fee-form-selects display-flex"
  >
    <select
      className="bliderlings-homework-select-from width70-br5-mr-30"
      defaultValue="USD"
      id="from"
      onChange={[Function]}
    >
      <option>
        USD
      </option>
      <option>
        EUR
      </option>
      <option>
        RUB
      </option>
    </select>
    <select
      className="bliderlings-homework-select-to width70-br5-mr-30"
      defaultValue="RUB"
      id="to"
      onChange={[Function]}
    >
      <option>
        RUB
      </option>
      <option>
        USD
      </option>
      <option>
        EUR
      </option>
    </select>
  </div>
  <div
    className="bilderlings-homework-amount-input width70-br5-mr-30"
  >
    <div
      className="bp3-input-group"
    >
      <input
        autoComplete="off"
        className="bp3-input"
        onBlur={[Function]}
        onChange={[Function]}
        onFocus={[Function]}
        onKeyDown={[Function]}
        onKeyPress={[Function]}
        onPaste={[Function]}
        style={
          Object {
            "paddingRight": 10,
          }
        }
        type="text"
        value="0"
      />
    </div>
  </div>
  <button
    className="bp3-button bp3-intent-primary width70-br5-mr-30"
    onClick={[Function]}
    onKeyDown={[Function]}
    onKeyUp={[Function]}
    type="button"
  >
    <span
      className="bp3-button-text"
    >
      Add
    </span>
  </button>
</div>
`;
